src/pages/InventoryScreen.tsx(287,181): error TS1005: '}' expected.
src/pages/InventoryScreen.tsx(287,202): error TS1381: Unexpected token. Did you mean `{'}'}` or `&rbrace;`?
